// Jest Snapshot v1, https://goo.gl/fbAQLP

exports[`@/components/avatars/as-svg.vue Renders An avatar 1`] = `
<svg
  preserveAspectRatio="xMidYMid slice"
  viewBox="0 0 0 0"
>
  <icon-stub
    name="background"
  />
   
</svg>
`;
