// Jest Snapshot v1, https://goo.gl/fbAQLP

exports[`@/App.vue Renders Layout of the application 1`] = `
<main
  id="realness"
>
  <router-view-stub />
   
  <aside>
    <developer-tools-stub />
     
    <sync-stub
      config="[object Object]"
    />
  </aside>
</main>
`;
