// Jest Snapshot v1, https://goo.gl/fbAQLP

exports[`@/components/posters/as-fill-figure.vue Renders a new background for a poster without one 1`] = `
<rect
  fill="white"
  height="100%"
  itemprop="background"
  width="100%"
/>
`;
