// Jest Snapshot v1, https://goo.gl/fbAQLP

exports[`@/components/posts/as-textarea.vue renders a textarea 1`] = `
<textarea
  cols="1"
  id="wat"
  placeholder=">"
  rows="1"
/>
`;
