// Jest Snapshot v1, https://goo.gl/fbAQLP

exports[`@/components/download-vector Renders link to download svg 1`] = `
<a
  class="download"
  download="Scott_Fryxell_posters_Saturday, September 26, 8:02 AM.svg"
  href="data:application/octet-stream,%3Csvg%20viewBox%3D%220%200%20333%20444%22%20xmlns%3D%22http%3A%2F%2Fwww.w3.org%2F2000%2Fsvg%22%3E%3Cpath%20itemprop%3D%22path%22%20d%3D%22M0%20222.003v222.003l166.75-.253%20166.75-.253.252-221.75L334.004%200H0v222.003m.491.497c0%20122.1.117%20171.901.259%20110.67.142-61.232.142-161.132%200-222C.608%2050.301.491%20100.4.491%20222.5M207.5%2082.642c-9.571%201.026-26.64%204.489-30.694%206.227-4.976%202.133-10.466%207.178-12.019%2011.045-1.915%204.769-3.636%2014.498-2.839%2016.05.434.845%201.145%203.336%201.581%205.536.436%202.2.932%204.45%201.103%205%20.172.55.437%201.9.59%203%20.153%201.1.547%202.225.876%202.5.329.275.906%202.469%201.282%204.875.655%204.191.588%204.351-1.598%203.8-2.199-.555-2.212-.523-.341.875%201.388%201.037%201.531%201.454.5%201.465-1.171.013-1.191.174-.107.861%201.064.675.997.975-.332%201.485-2.295.881-2.722.804-2.002-.361.691-1.118.593-1.148-5-1.496-2.2-.136-4.9-.562-6-.945-1.322-.461-1.152-.177.5.836%201.375.844%203.989%201.55%205.809%201.57%201.82.019%203.057.443%202.749.941-.308.498-3.427.836-6.932.75-5.271-.129-6.283.103-5.852%201.344.395%201.139.225%201.229-.705.372-.673-.62-1.599-2.79-2.058-4.823-.672-2.98-.563-3.591.563-3.159.783.301%201.884-.378%202.511-1.548.798-1.493.803-1.891.015-1.404-.605.374-1.169.091-1.252-.629-.084-.72-.218-1.984-.297-2.809-.079-.825-.604-1.415-1.165-1.311-.656.122-.866-2.774-.586-8.093.433-8.254.421-8.302-3.355-13.69-4.42-6.306-5.282-7.072-11.945-10.607-9.932-5.271-35.146-4.003-52.707%202.651-22.902%208.676-53.457%2042.857-62.867%2070.328-9.512%2027.765-4.831%2069.247%2010.311%2091.393%202.697%203.944%209.094%2011.225%2014.216%2016.18%2010.194%209.861%2018.363%2014.678%2033.047%2019.485C85.649%20304.64%20133.4%20314%20142.209%20314c3.035%200%207.904.452%2010.82%201.005%204.535.861%205.577.757%207.207-.718%201.157-1.048%203.153-1.617%205.085-1.452%201.748.151%204.799-.404%206.779-1.231%201.979-.828%2022.904-6.424%2046.5-12.436%2046.73-11.906%2048.1-12.423%2061.626-23.264%2011.305-9.061%2033.207-35.488%2039.007-47.066%205.596-11.172%207.206-18.421%207.069-31.838-.312-30.791-16.918-62.476-45.077-86.014-17.13-14.32-31.345-22.564-44.867-26.022-7.608-1.946-21.753-3.084-28.858-2.322m-5.5%206.944c-24.146%203.186-31.562%207.043-33.479%2017.414-.48%202.592.281%206.375%202.931%2014.581%201.968%206.094%203.931%2013.744%204.363%2017%20.577%204.35%201.169%205.849%202.235%205.655%201.136-.208%201.1.011-.163%201.01-1.427%201.127-1.167%201.556%202.25%203.715%203.469%202.192%205.089%204.233%203.113%203.921-2.06-.326-2.461.246-.96%201.368%201.989%201.487.717%204.35-1.547%203.482-1.405-.54-3.198-5.907-2.833-8.482.098-.687-.244-1.25-.759-1.25-1.322%200-2.405%203.22-1.32%203.92.495.319%201.233%201.649%201.641%202.955.93%202.976-.645%204.089-5.818%204.11-2.115.008-6.351.743-9.412%201.633-4.256%201.237-6.354%201.376-8.917.59-2.892-.888-3.49-.767-4.373.882-.771%201.44-2.06%201.891-5.237%201.831-2.318-.043-3.623-.316-2.9-.605.723-.289%201.73-1.62%202.239-2.958.729-1.917.408-3.22-1.511-6.145-1.34-2.042-2.744-6.076-3.119-8.963-.375-2.887-1.186-5.257-1.803-5.265-.788-.011-.775-.236.046-.758.688-.438%201.46-5.122%201.882-11.421.688-10.267.618-10.846-1.819-15.003-1.532-2.615-4.253-5.304-6.882-6.803-3.829-2.183-5.789-2.521-16.418-2.837-16.212-.482-26.166%201.417-37.93%207.237-10.957%205.42-21.573%2014.301-32.122%2026.872C22.572%20162.067%2015.849%20178.608%2015.851%20205c.001%206.875.526%2014.525%201.167%2017%20.642%202.475%201.268%205.423%201.392%206.55.124%201.128.559%202.591.967%203.25.407.66.472%201.635.143%202.167-.851%201.377%203.49%2015.145%204.566%2014.48.49-.303.614.17.276%201.052-.365.95.293%202.57%201.616%203.978%201.365%201.453%201.934%202.889%201.466%203.699-.42.728-.415%201.009.013.623.428-.385%202.677%201.865%204.998%205%206.105%208.246%2018.316%2019.421%2025.677%2023.499%2012.581%206.969%2035.091%2013.293%2038.883%2010.925%201.471-.919%202.807-.836%206.181.386%2014.275%205.168%2028.562%207.636%2043.433%207.503%209.491-.085%2012.392.208%2013.336%201.346%201.035%201.247%201.515%201.117%203.371-.912%201.733-1.894%205.653-3.173%2019.664-6.415%2029.976-6.935%2035.901-8.106%2037.641-7.438%201.225.47%201.464.287.874-.669-.629-1.018-.195-1.161%201.92-.63%201.847.464%202.516.336%202.065-.394-.451-.73.218-.858%202.065-.394%201.64.411%202.499.306%202.147-.263-.326-.528%205.482-2.459%2013.101-4.354A7138.686%207138.686%200%2000257%20281.451c.275-.072%202.3-.964%204.5-1.981%202.2-1.017%204.33-1.876%204.733-1.909%201.443-.12%2011.861-8.775%2013.414-11.144.87-1.33%202.319-2.424%203.218-2.432%201.299-.012%201.356-.192.278-.875-.946-.6-1.021-1.067-.25-1.544.609-.376%201.557-.406%202.107-.066.55.34%201%20.182%201-.351%200-.533%202.527-3.597%205.617-6.809%2012.526-13.025%2022.101-27.989%2025.81-40.34%202.3-7.659%203.141-23.38%201.667-31.169-3.546-18.734-12.985-37.491-26.474-52.608-6.721-7.532-17.522-17.383-23.569-21.496-2.503-1.702-4.776-3.354-5.051-3.67-2.955-3.401-21.69-12.6-29.5-14.485-8.51-2.053-21.435-2.445-32.5-.986%22%20fill-rule%3D%22evenodd%22%3E%3C%2Fpath%3E%3C%2Fsvg%3E"
>
  <icon-stub
    name="download"
  />
</a>
`;
