// Jest Snapshot v1, https://goo.gl/fbAQLP

exports[`@/components/sign-on Renders sign on button 1`] = `
<button
  autofocus="autofocus"
  class="sign-on"
>
  Sign on
</button>
`;
