// Vitest Snapshot v1

exports[`@/App.vue > Renders > Layout of the application 1`] = `
<main
  class=""
  id="realness"
>
  <router-view-stub />
  <aside>
    <sync-stub />
  </aside>
</main>
`;
