// Jest Snapshot v1, https://goo.gl/fbAQLP

exports[`posts-list.vue should render the application navigation 1`] = `
<nav
  class="guest_posts"
  id="main_nav"
>
  <router-link
    class="black"
    to="/profile"
  >
    Name
  </router-link>
   
  <router-link
    class="green"
    to="/relationships"
  >
    Relations
  </router-link>
   
  <router-link
    class="green"
    to="/groups"
  >
    Groups
  </router-link>
   
  <router-link
    class="blue"
    to="/events"
  >
    Events
  </router-link>
   
  <router-link
    class="blue"
    to="/feed"
  >
    Feed
  </router-link>
   
  <!---->
</nav>
`;
