// Jest Snapshot v1, https://goo.gl/fbAQLP

exports[`@/pages/feed.vue render feed info 1`] = `
<section
  class="page"
  id="feed"
>
  <header>
    <!---->
     
    <h1>
      Feed
    </h1>
     
    <!---->
  </header>
</section>
`;
