// Jest Snapshot v1, https://goo.gl/fbAQLP

exports[`@/pages/index.vue renders navigation for the application 1`] = `
<section
  id="home"
>
  <!---->
   
  <aside>
    <!---->
     
    <!---->
  </aside>
</section>
`;
