// Jest Snapshot v1, https://goo.gl/fbAQLP

exports[`@/pages/where.vue renders group layout 1`] = `
<section
  id="groups"
>
  <header>
    <h1>
      Where
    </h1>
  </header>
</section>
`;
