// Jest Snapshot v1, https://goo.gl/fbAQLP

exports[`@/components/profile/as-avatar.vue Render an avatar 1`] = `
<svg>
  <defs
    itemprop="avatar"
  />
   
  <use
    xlink:href="#silhouette"
  />
</svg>
`;
