// Jest Snapshot v1, https://goo.gl/fbAQLP

exports[`@/compontent/profile/as-list.vue Render a list of people 1`] = `
<nav
  class="profile-list"
>
   
  <!---->
</nav>
`;
