// Jest Snapshot v1, https://goo.gl/fbAQLP

exports[`@/components/profile/as-link Renders Messenger button to message people directly 1`] = `<!--v-if-->`;
