// Jest Snapshot v1, https://goo.gl/fbAQLP

exports[`@/components/profile/as-messenger Renders Messenger button 1`] = `
<a
  class="phone"
>
  <icon-stub
    name="message"
  />
</a>
`;
