// Vitest Snapshot v1, https://vitest.dev/guide/snapshot.html

exports[`@/compontent/profile/as-meta.vue > Renders > A list of the person relationships 1`] = `
<aside
  itemid="/+14151234356/relations"
  itemscope=""
>
  
  <meta
    itemid="/+14151234356"
    itemprop="relations"
    itemscope=""
  />
  
</aside>
`;
