// Jest Snapshot v1, https://goo.gl/fbAQLP

exports[`@/views/Events.vue Renders list of upcoming events 1`] = `
<section
  class="page"
  id="admin"
>
  <header>
    <!---->
     
    <h1>
      Admin
    </h1>
     
    <!---->
  </header>
   
  <details>
    <summary>
      <h4>
        Statements
      </h4>
    </summary>
     
    <button>
      Save
    </button>
     
  </details>
   
  <details>
    <summary>
      <h4>
        Typography sample
      </h4>
    </summary>
     
    <p>
      
      Angel Adept Blind Bodice Clique Coast Dunce Docile Enact Eosin Furlong
      Focal Gnome Gondola Human Hoist Inlet Iodine Justin Jocose Knoll Koala
      Linden Loads Milliner Modal Number Nodule Onset Oddball Pneumo Poncho
      Quanta Qophs Rhone Roman Snout Sodium Tundra Tocsin Uncle Udder Vulcan
      Vocal Whale Woman Xmas Xenon Yunnan Young Zloty Zodiac. Angel angel
      adept for the nuance loads of the arena cocoa and quaalude. Blind blind
      bodice for the submit oboe of the club snob and abbot. Clique clique
      coast for the pouch loco of the franc assoc and accede. Dunce dunce
      docile for the loudness mastodon of the loud statehood and huddle.
      Enact enact eosin for the quench coed of the pique canoe and bleep.
      Furlong furlong focal for the genuflect profound of the motif aloof
      and offers. Gnome gnome gondola for the impugn logos of the unplug
      analog and smuggle. Human human hoist for the buddhist alcohol of the
      riyadh caliph and bathhouse. Inlet inlet iodine for the quince champion
      of the ennui scampi and shiite. Justin justin jocose for the djibouti
      sojourn of the oranj raj and hajjis. Knoll knoll koala for the banknote
      lookout of the dybbuk outlook and trekked. Linden linden loads for the
      ulna monolog of the consul menthol and shallot. Milliner milliner
      modal for the alumna solomon of the album custom and summon. Number
      number nodule for the unmade economic of the shotgun bison and tunnel.
      Onset onset oddball for the abandon podium of the antiquo tempo and
      moonlit. Pneumo pneumo poncho for the dauphin opossum of the holdup
      bishop and supplies. Quanta quanta qophs for the inquest sheqel of the
      cinq coq and suqqu. Rhone rhone roman for the burnt porous of the lemur
      clamor and carrot. Snout snout sodium for the ensnare bosom of the genus
      pathos and missing. Tundra tundra tocsin for the nutmeg isotope of the
      peasant ingot and ottoman. Uncle uncle udder for the dunes cloud of the
      hindu thou and continuum. Vulcan vulcan vocal for the alluvial ovoid of
      the yugoslav chekhov and revved. Whale whale woman for the meanwhile
      blowout of the forepaw meadow and glowworm. Xmas xmas xenon for the
      bauxite doxology of the tableaux equinox and exxon. Yunnan yunnan young
      for the dynamo coyote of the obloquy employ and sayyid. Zloty zloty
      zodiac for the gizmo ozone of the franz laissez and buzzing.
    
    </p>
  </details>
</section>
`;
