// Jest Snapshot v1, https://goo.gl/fbAQLP

exports[`@/views/Editor.vue Renders Shows an editor for a poster or an avatar 1`] = `
<section
  class="page"
  id="editor"
>
  <header>
    <h1>
      Fill
    </h1>
    <a
      class="fullscreen"
    >
      <icon-stub
        name="fullscreen"
      />
    </a>
    <icon-stub
      name="nothing"
    />
    <a>
      <icon-stub
        name="remove"
      />
    </a>
    <a>
      <icon-stub
        name="finished"
      />
    </a>
  </header>
  <as-fill-stub
    itemid="/+16282281824/posters/559666932867"
  />
  <!--v-if-->
  <!--v-if-->
  <!--v-if-->
  <footer>
    <menu
      style="visibility: hidden;"
    >
      <icon-stub
        class="selected"
        name="edit-color"
      />
      <icon-stub
        class=""
        name="animation"
      />
      <icon-stub
        class=""
        name="grid"
      />
    </menu>
  </footer>
</section>
`;
